==========================================
   CINEMA MANAGER - AUTOMATED TEST SUITE  
==========================================

[TEST 1] Testing Database Connection... jdbc:mysql://localhost:3306/cinema_db?useUnicode=true&characterEncoding=UTF-8
PASSED (Connected)

[TEST 2] Testing SanPhamDAO (Snack Management)...
   - getAllSanPham(): jdbc:mysql://localhost:3306/cinema_db?useUnicode=true&characterEncoding=UTF-8
PASSED (Found 2 items)
   - addSanPham('TestSnack'): jdbc:mysql://localhost:3306/cinema_db?useUnicode=true&characterEncoding=UTF-8
PASSED
   - Cleanup (Delete 'TestSnack'): jdbc:mysql://localhost:3306/cinema_db?useUnicode=true&characterEncoding=UTF-8
jdbc:mysql://localhost:3306/cinema_db?useUnicode=true&characterEncoding=UTF-8
PASSED

[TEST 3] Testing NhanVienDAO (Employee Management)...
   - getAllNhanVien(): jdbc:mysql://localhost:3306/cinema_db?useUnicode=true&characterEncoding=UTF-8
PASSED (Found 3 employees)
     Found: Nguy?n Qu?n L² (QuanLy)

[TEST 4] Testing LichChieuDAO (Showtime Management)...
   - getListLichChieu(): jdbc:mysql://localhost:3306/cinema_db?useUnicode=true&characterEncoding=UTF-8
PASSED (Found 5 showtimes)

==========================================
   ALL TESTS COMPLETED                    
==========================================
